// Jest Snapshot v1, https://goo.gl/fbAQLP

exports[`BaseSelect should render correctly and match snapshot 1`] = `
<a-select size="large" class="incident-select">
  <div>option</div> <template></template>
</a-select>
`;
