// Jest Snapshot v1, https://goo.gl/fbAQLP

exports[`BaseIcon should render correctly and match snapshot 1`] = `
<div
  class="flex items-center"
>
  <img
    alt=""
    class="ccu-icon cursor-pointer small"
    src="IMAGE_MOCK"
    title=""
  />
   
</div>
`;
