// Jest Snapshot v1, https://goo.gl/fbAQLP

exports[`OverlayMap should render correctly and match snapshot 1`] = `
<div
  class="overlay-map"
  style="position: relative;"
>
  <div
    class="home-map"
  />
</div>
`;
