// Jest Snapshot v1, https://goo.gl/fbAQLP

exports[`Spinner should render correctly and match snapshot 1`] = `
<div
  class="loader loader--style3 flex flex-col items-center"
  title="2"
>
  <svg
    height="40px"
    id="loader-1"
    style="enable-background: new 0 0 50 50;"
    version="1.1"
    viewBox="0 0 50 50"
    width="40px"
    x="0px"
    xml:space="preserve"
    xmlns="http://www.w3.org/2000/svg"
    xmlns:xlink="http://www.w3.org/1999/xlink"
    y="0px"
  >
    <path
      d="M43.935,25.145c0-10.318-8.364-18.683-18.683-18.683c-10.318,0-18.683,8.365-18.683,18.683h4.068c0-8.071,6.543-14.615,14.615-14.615c8.072,0,14.615,6.543,14.615,14.615H43.935z"
      fill="#000"
    >
      <animatetransform
        attributeName="transform"
        attributeType="xml"
        dur="0.6s"
        from="0 25 25"
        repeatCount="indefinite"
        to="360 25 25"
        type="rotate"
      />
    </path>
  </svg>
   
  <!---->
</div>
`;
